// Jest Snapshot v1, https://goo.gl/fbAQLP

exports[`HelloWorldコンポーネントのスナップショットテスト 1`] = `
<div>
  Hello React!
</div>
`;
